[     263ms] [WARNING] Error with Permissions-Policy header: Unrecognized feature: 'bluetooth'. @ :0
[    1187ms] [LOG] 
%cStop! font-family:helvetica; font-size:20px; font-size:50px; font-weight:bold; color:red; -webkit-text-stroke:1px black; @ https://static.cdninstagram.com/rsrc.php/v4/yZ/r/QBbo_GHLV1U.js:246
[    1187ms] [LOG] 
%cThis is a browser feature intended for developers. If someone told you to copy-paste something here to enable an Instagram feature or "hack" someone's account, it is a scam and will give them access to your Instagram account. font-family:helvetica; font-size:20px;  @ https://static.cdninstagram.com/rsrc.php/v4/yZ/r/QBbo_GHLV1U.js:246
[    1187ms] [LOG] 
%cSee https://www.facebook.com/selfxss for more information. font-family:helvetica; font-size:20px;  @ https://static.cdninstagram.com/rsrc.php/v4/yZ/r/QBbo_GHLV1U.js:246
[    1187ms] [LOG] 
%c  @ https://static.cdninstagram.com/rsrc.php/v4/yZ/r/QBbo_GHLV1U.js:246
[    1772ms] [ERROR] Failed to load resource: the server responded with a status of 400 () @ https://www.instagram.com/api/v1/users/web_profile_info/?username=nenufar.co:0
[    1839ms] [ERROR] ErrorUtils caught an error:

 [Caught in: caught error in module c [from CometTransientDialogProvider.react] (base)]

Subsequent non-fatal errors won't be logged; see https://fburl.com/debugjs. {clientTime: 1784590912, componentStackFrames: Array(134), extra: Object, guardList: Array(1), hash: 3xl5mi} @ https://static.cdninstagram.com/rsrc.php/v4/yZ/r/QBbo_GHLV1U.js:79
[    8860ms] [WARNING] Error with Permissions-Policy header: Unrecognized feature: 'bluetooth'. @ :0
[    9378ms] [LOG] 
%cStop! font-family:helvetica; font-size:20px; font-size:50px; font-weight:bold; color:red; -webkit-text-stroke:1px black; @ https://static.cdninstagram.com/rsrc.php/v4/yZ/r/QBbo_GHLV1U.js:246
[    9378ms] [LOG] 
%cThis is a browser feature intended for developers. If someone told you to copy-paste something here to enable an Instagram feature or "hack" someone's account, it is a scam and will give them access to your Instagram account. font-family:helvetica; font-size:20px;  @ https://static.cdninstagram.com/rsrc.php/v4/yZ/r/QBbo_GHLV1U.js:246
[    9378ms] [LOG] 
%cSee https://www.facebook.com/selfxss for more information. font-family:helvetica; font-size:20px;  @ https://static.cdninstagram.com/rsrc.php/v4/yZ/r/QBbo_GHLV1U.js:246
[    9378ms] [LOG] 
%c  @ https://static.cdninstagram.com/rsrc.php/v4/yZ/r/QBbo_GHLV1U.js:246
[    9944ms] [ERROR] Failed to load resource: the server responded with a status of 400 () @ https://www.instagram.com/api/v1/users/web_profile_info/?username=nenufar.co:0
[    9997ms] [ERROR] ErrorUtils caught an error:

 [Caught in: caught error in module c [from CometTransientDialogProvider.react] (base)]

Subsequent non-fatal errors won't be logged; see https://fburl.com/debugjs. {clientTime: 1784590920, componentStackFrames: Array(134), extra: Object, guardList: Array(1), hash: 3xl5mi} @ https://static.cdninstagram.com/rsrc.php/v4/yZ/r/QBbo_GHLV1U.js:79
